
> react-example@0.0.0 build
> vite build

vite v6.4.1 building for production...
transforming...
✓ 1939 modules transformed.
✗ Build failed in 898ms
error during build:
[vite]: Rollup failed to resolve import "react-is" from "/Users/satyaalugolu/Downloads/school-book-login/node_modules/recharts/es6/util/ReactUtils.js".
This is most likely unintended because it can break your application at runtime.
If you do want to externalize this module explicitly add it to
`build.rollupOptions.external`
    at viteLog (file:///Users/satyaalugolu/Downloads/school-book-login/node_modules/vite/dist/node/chunks/dep-D4NMHUTW.js:46374:15)
    at file:///Users/satyaalugolu/Downloads/school-book-login/node_modules/vite/dist/node/chunks/dep-D4NMHUTW.js:46432:18
    at onwarn (file:///Users/satyaalugolu/Downloads/school-book-login/node_modules/@vitejs/plugin-react/dist/index.js:76:7)
    at file:///Users/satyaalugolu/Downloads/school-book-login/node_modules/vite/dist/node/chunks/dep-D4NMHUTW.js:46430:7
    at onRollupLog (file:///Users/satyaalugolu/Downloads/school-book-login/node_modules/vite/dist/node/chunks/dep-D4NMHUTW.js:46422:5)
    at onLog (file:///Users/satyaalugolu/Downloads/school-book-login/node_modules/vite/dist/node/chunks/dep-D4NMHUTW.js:46072:7)
    at file:///Users/satyaalugolu/Downloads/school-book-login/node_modules/rollup/dist/es/shared/node-entry.js:20981:32
    at Object.logger [as onLog] (file:///Users/satyaalugolu/Downloads/school-book-login/node_modules/rollup/dist/es/shared/node-entry.js:22968:9)
    at ModuleLoader.handleInvalidResolvedId (file:///Users/satyaalugolu/Downloads/school-book-login/node_modules/rollup/dist/es/shared/node-entry.js:21712:26)
    at file:///Users/satyaalugolu/Downloads/school-book-login/node_modules/rollup/dist/es/shared/node-entry.js:21670:26
